Traceback (most recent call last):
  File "/opt/hostedtoolcache/Python/3.10.18/x64/lib/python3.10/site-packages/jupyter_core/utils/__init__.py", line 154, in wrapped
    asyncio.get_running_loop()
RuntimeError: no running event loop

During handling of the above exception, another exception occurred:

Traceback (most recent call last):
  File "/opt/hostedtoolcache/Python/3.10.18/x64/lib/python3.10/site-packages/jupyter_cache/executors/utils.py", line 58, in single_nb_execution
    executenb(
  File "/opt/hostedtoolcache/Python/3.10.18/x64/lib/python3.10/site-packages/nbclient/client.py", line 1319, in execute
    return NotebookClient(nb=nb, resources=resources, km=km, **kwargs).execute()
  File "/opt/hostedtoolcache/Python/3.10.18/x64/lib/python3.10/site-packages/jupyter_core/utils/__init__.py", line 158, in wrapped
    return loop.run_until_complete(inner)
  File "/opt/hostedtoolcache/Python/3.10.18/x64/lib/python3.10/asyncio/base_events.py", line 649, in run_until_complete
    return future.result()
  File "/opt/hostedtoolcache/Python/3.10.18/x64/lib/python3.10/site-packages/nbclient/client.py", line 709, in async_execute
    await self.async_execute_cell(
  File "/opt/hostedtoolcache/Python/3.10.18/x64/lib/python3.10/site-packages/nbclient/client.py", line 1062, in async_execute_cell
    await self._check_raise_for_error(cell, cell_index, exec_reply)
  File "/opt/hostedtoolcache/Python/3.10.18/x64/lib/python3.10/site-packages/nbclient/client.py", line 918, in _check_raise_for_error
    raise CellExecutionError.from_cell_and_msg(cell, exec_reply_content)
nbclient.exceptions.CellExecutionError: An error occurred while executing the following cell:
------------------
pn = op.network.Cubic(shape=[15, 15, 15], spacing=1e-6)
pn.add_model_collection(op.models.collections.geometry.spheres_and_cylinders)
pn.regenerate_models()
phase = op.phase.Phase(network=pn)
------------------


[0;31m---------------------------------------------------------------------------[0m
[0;31mTypeError[0m                                 Traceback (most recent call last)
Cell [0;32mIn[2], line 3[0m
[1;32m      1[0m pn [38;5;241m=[39m op[38;5;241m.[39mnetwork[38;5;241m.[39mCubic(shape[38;5;241m=[39m[[38;5;241m15[39m, [38;5;241m15[39m, [38;5;241m15[39m], spacing[38;5;241m=[39m[38;5;241m1e-6[39m)
[1;32m      2[0m pn[38;5;241m.[39madd_model_collection(op[38;5;241m.[39mmodels[38;5;241m.[39mcollections[38;5;241m.[39mgeometry[38;5;241m.[39mspheres_and_cylinders)
[0;32m----> 3[0m [43mpn[49m[38;5;241;43m.[39;49m[43mregenerate_models[49m[43m([49m[43m)[49m
[1;32m      4[0m phase [38;5;241m=[39m op[38;5;241m.[39mphase[38;5;241m.[39mPhase(network[38;5;241m=[39mpn)

File [0;32m/opt/hostedtoolcache/Python/3.10.18/x64/lib/python3.10/site-packages/openpnm/core/_models.py:476[0m, in [0;36mModelsMixin2.regenerate_models[0;34m(self, propnames, exclude)[0m
[1;32m    474[0m [38;5;28;01mfor[39;00m item [38;5;129;01min[39;00m propnames:
[1;32m    475[0m     [38;5;28;01mtry[39;00m:
[0;32m--> 476[0m         [38;5;28;43mself[39;49m[38;5;241;43m.[39;49m[43mrun_model[49m[43m([49m[43mitem[49m[43m)[49m
[1;32m    477[0m     [38;5;28;01mexcept[39;00m [38;5;167;01mKeyError[39;00m [38;5;28;01mas[39;00m e:
[1;32m    478[0m         msg [38;5;241m=[39m ([38;5;124mf[39m[38;5;124m"[39m[38;5;132;01m{[39;00mitem[38;5;132;01m}[39;00m[38;5;124m was not run since the following property[39m[38;5;124m"[39m
[1;32m    479[0m                [38;5;124mf[39m[38;5;124m"[39m[38;5;124m is missing: [39m[38;5;132;01m{[39;00me[38;5;132;01m}[39;00m[38;5;124m"[39m)

File [0;32m/opt/hostedtoolcache/Python/3.10.18/x64/lib/python3.10/site-packages/openpnm/core/_models.py:507[0m, in [0;36mModelsMixin2.run_model[0;34m(self, propname, domain)[0m
[1;32m    505[0m             [38;5;28;01mif[39;00m item[38;5;241m.[39mstartswith(propname[38;5;241m+[39m[38;5;124m"[39m[38;5;124m@[39m[38;5;124m"[39m):
[1;32m    506[0m                 _, _, domain [38;5;241m=[39m item[38;5;241m.[39mpartition([38;5;124m"[39m[38;5;124m@[39m[38;5;124m"[39m)
[0;32m--> 507[0m                 [38;5;28;43mself[39;49m[38;5;241;43m.[39;49m[43mrun_model[49m[43m([49m[43mpropname[49m[38;5;241;43m=[39;49m[43mpropname[49m[43m,[49m[43m [49m[43mdomain[49m[38;5;241;43m=[39;49m[43mdomain[49m[43m)[49m
[1;32m    508[0m [38;5;28;01melse[39;00m:  [38;5;66;03m# domain was given explicitly[39;00m
[1;32m    509[0m     domain [38;5;241m=[39m domain[38;5;241m.[39msplit([38;5;124m'[39m[38;5;124m.[39m[38;5;124m'[39m, [38;5;241m1[39m)[[38;5;241m-[39m[38;5;241m1[39m]

File [0;32m/opt/hostedtoolcache/Python/3.10.18/x64/lib/python3.10/site-packages/openpnm/core/_models.py:521[0m, in [0;36mModelsMixin2.run_model[0;34m(self, propname, domain)[0m
[1;32m    519[0m [38;5;28;01mif[39;00m [38;5;124m'[39m[38;5;124mdomain[39m[38;5;124m'[39m [38;5;129;01mnot[39;00m [38;5;129;01min[39;00m inspect[38;5;241m.[39mgetfullargspec(mod_dict[[38;5;124m'[39m[38;5;124mmodel[39m[38;5;124m'[39m])[38;5;241m.[39margs:
[1;32m    520[0m     _ [38;5;241m=[39m kwargs[38;5;241m.[39mpop([38;5;124m'[39m[38;5;124mdomain[39m[38;5;124m'[39m, [38;5;28;01mNone[39;00m)
[0;32m--> 521[0m     vals [38;5;241m=[39m [43mmod_dict[49m[43m[[49m[38;5;124;43m'[39;49m[38;5;124;43mmodel[39;49m[38;5;124;43m'[39;49m[43m][49m[43m([49m[38;5;28;43mself[39;49m[43m,[49m[43m [49m[38;5;241;43m*[39;49m[38;5;241;43m*[39;49m[43mkwargs[49m[43m)[49m
[1;32m    522[0m     [38;5;28;01mif[39;00m [38;5;28misinstance[39m(vals, [38;5;28mdict[39m):  [38;5;66;03m# Handle models that return a dict[39;00m
[1;32m    523[0m         [38;5;28;01mfor[39;00m k, v [38;5;129;01min[39;00m vals[38;5;241m.[39mitems():

File [0;32m/opt/hostedtoolcache/Python/3.10.18/x64/lib/python3.10/site-packages/openpnm/models/misc/_neighbor_lookups.py:123[0m, in [0;36mfrom_neighbor_pores[0;34m(target, prop, mode, ignore_nans)[0m
[1;32m    121[0m network [38;5;241m=[39m target[38;5;241m.[39mnetwork
[1;32m    122[0m throats [38;5;241m=[39m target[38;5;241m.[39mTs
[0;32m--> 123[0m P12 [38;5;241m=[39m [43mnetwork[49m[38;5;241;43m.[39;49m[43mfind_connected_pores[49m[43m([49m[43mthroats[49m[43m)[49m
[1;32m    124[0m pvalues [38;5;241m=[39m target[prop][P12]
[1;32m    125[0m [38;5;28;01mif[39;00m ignore_nans:

File [0;32m/opt/hostedtoolcache/Python/3.10.18/x64/lib/python3.10/site-packages/openpnm/network/_network.py:443[0m, in [0;36mNetwork.find_connected_pores[0;34m(self, throats, flatten, mode)[0m
[1;32m    391[0m [38;5;250m[39m[38;5;124mr[39m[38;5;124;03m"""[39;00m
[1;32m    392[0m [38;5;124;03mReturn a list of pores connected to the given list of throats[39;00m
[1;32m    393[0m 
[0;32m   (...)[0m
[1;32m    440[0m 
[1;32m    441[0m [38;5;124;03m"""[39;00m
[1;32m    442[0m Ts [38;5;241m=[39m [38;5;28mself[39m[38;5;241m.[39m_parse_indices(throats)
[0;32m--> 443[0m pores [38;5;241m=[39m [43mtopotools[49m[38;5;241;43m.[39;49m[43mfind_connected_sites[49m[43m([49m[43mbonds[49m[38;5;241;43m=[39;49m[43mTs[49m[43m,[49m[43m [49m[43mnetwork[49m[38;5;241;43m=[39;49m[38;5;28;43mself[39;49m[43m,[49m
[1;32m    444[0m [43m                                       [49m[43mflatten[49m[38;5;241;43m=[39;49m[43mflatten[49m[43m,[49m[43m [49m[43mlogic[49m[38;5;241;43m=[39;49m[43mmode[49m[43m)[49m
[1;32m    445[0m [38;5;28;01mreturn[39;00m pores

File [0;32m/opt/hostedtoolcache/Python/3.10.18/x64/lib/python3.10/site-packages/openpnm/topotools/_graphtools.py:37[0m, in [0;36mfind_connected_sites[0;34m(bonds, **kwargs)[0m
[1;32m     36[0m [38;5;28;01mdef[39;00m[38;5;250m [39m[38;5;21mfind_connected_sites[39m(bonds, [38;5;241m*[39m[38;5;241m*[39mkwargs):
[0;32m---> 37[0m     [38;5;28;01mreturn[39;00m [43mqueries[49m[38;5;241;43m.[39;49m[43mfind_connected_nodes[49m[43m([49m[43minds[49m[38;5;241;43m=[39;49m[43mbonds[49m[43m,[49m[43m [49m[38;5;241;43m*[39;49m[38;5;241;43m*[39;49m[43mkwargs[49m[43m)[49m

File [0;32m/opt/hostedtoolcache/Python/3.10.18/x64/lib/python3.10/site-packages/openpnm/_skgraph/queries/_funcs.py:167[0m, in [0;36mfind_connected_nodes[0;34m(network, inds, flatten, logic)[0m
[1;32m    165[0m         temp [38;5;241m=[39m temp[38;5;241m.[39mastype([38;5;28mfloat[39m)
[1;32m    166[0m         temp[inds] [38;5;241m=[39m np[38;5;241m.[39mnan
[0;32m--> 167[0m     temp [38;5;241m=[39m [43mnp[49m[38;5;241;43m.[39;49m[43mreshape[49m[43m([49m[43ma[49m[38;5;241;43m=[39;49m[43mtemp[49m[43m,[49m[43m [49m[43mnewshape[49m[38;5;241;43m=[39;49m[43m[[49m[38;5;28;43mlen[39;49m[43m([49m[43medges[49m[43m)[49m[43m,[49m[43m [49m[38;5;241;43m2[39;49m[43m][49m[43m,[49m[43m [49m[43morder[49m[38;5;241;43m=[39;49m[38;5;124;43m'[39;49m[38;5;124;43mF[39;49m[38;5;124;43m'[39;49m[43m)[49m
[1;32m    168[0m     neighbors [38;5;241m=[39m temp
[1;32m    169[0m [38;5;28;01melse[39;00m:

[0;31mTypeError[0m: reshape() got some positional-only arguments passed as keyword arguments: 'a'

