Traceback (most recent call last):
  File "/opt/hostedtoolcache/Python/3.10.18/x64/lib/python3.10/site-packages/jupyter_core/utils/__init__.py", line 154, in wrapped
    asyncio.get_running_loop()
RuntimeError: no running event loop

During handling of the above exception, another exception occurred:

Traceback (most recent call last):
  File "/opt/hostedtoolcache/Python/3.10.18/x64/lib/python3.10/site-packages/jupyter_cache/executors/utils.py", line 58, in single_nb_execution
    executenb(
  File "/opt/hostedtoolcache/Python/3.10.18/x64/lib/python3.10/site-packages/nbclient/client.py", line 1319, in execute
    return NotebookClient(nb=nb, resources=resources, km=km, **kwargs).execute()
  File "/opt/hostedtoolcache/Python/3.10.18/x64/lib/python3.10/site-packages/jupyter_core/utils/__init__.py", line 158, in wrapped
    return loop.run_until_complete(inner)
  File "/opt/hostedtoolcache/Python/3.10.18/x64/lib/python3.10/asyncio/base_events.py", line 649, in run_until_complete
    return future.result()
  File "/opt/hostedtoolcache/Python/3.10.18/x64/lib/python3.10/site-packages/nbclient/client.py", line 709, in async_execute
    await self.async_execute_cell(
  File "/opt/hostedtoolcache/Python/3.10.18/x64/lib/python3.10/site-packages/nbclient/client.py", line 1062, in async_execute_cell
    await self._check_raise_for_error(cell, cell_index, exec_reply)
  File "/opt/hostedtoolcache/Python/3.10.18/x64/lib/python3.10/site-packages/nbclient/client.py", line 918, in _check_raise_for_error
    raise CellExecutionError.from_cell_and_msg(cell, exec_reply_content)
nbclient.exceptions.CellExecutionError: An error occurred while executing the following cell:
------------------
Ps = pn.find_connected_pores(throats=[0, 1, 2])
print(Ps)
------------------


[0;31m---------------------------------------------------------------------------[0m
[0;31mTypeError[0m                                 Traceback (most recent call last)
Cell [0;32mIn[30], line 1[0m
[0;32m----> 1[0m Ps [38;5;241m=[39m [43mpn[49m[38;5;241;43m.[39;49m[43mfind_connected_pores[49m[43m([49m[43mthroats[49m[38;5;241;43m=[39;49m[43m[[49m[38;5;241;43m0[39;49m[43m,[49m[43m [49m[38;5;241;43m1[39;49m[43m,[49m[43m [49m[38;5;241;43m2[39;49m[43m][49m[43m)[49m
[1;32m      2[0m [38;5;28mprint[39m(Ps)

File [0;32m/opt/hostedtoolcache/Python/3.10.18/x64/lib/python3.10/site-packages/openpnm/network/_network.py:443[0m, in [0;36mNetwork.find_connected_pores[0;34m(self, throats, flatten, mode)[0m
[1;32m    391[0m [38;5;250m[39m[38;5;124mr[39m[38;5;124;03m"""[39;00m
[1;32m    392[0m [38;5;124;03mReturn a list of pores connected to the given list of throats[39;00m
[1;32m    393[0m 
[0;32m   (...)[0m
[1;32m    440[0m 
[1;32m    441[0m [38;5;124;03m"""[39;00m
[1;32m    442[0m Ts [38;5;241m=[39m [38;5;28mself[39m[38;5;241m.[39m_parse_indices(throats)
[0;32m--> 443[0m pores [38;5;241m=[39m [43mtopotools[49m[38;5;241;43m.[39;49m[43mfind_connected_sites[49m[43m([49m[43mbonds[49m[38;5;241;43m=[39;49m[43mTs[49m[43m,[49m[43m [49m[43mnetwork[49m[38;5;241;43m=[39;49m[38;5;28;43mself[39;49m[43m,[49m
[1;32m    444[0m [43m                                       [49m[43mflatten[49m[38;5;241;43m=[39;49m[43mflatten[49m[43m,[49m[43m [49m[43mlogic[49m[38;5;241;43m=[39;49m[43mmode[49m[43m)[49m
[1;32m    445[0m [38;5;28;01mreturn[39;00m pores

File [0;32m/opt/hostedtoolcache/Python/3.10.18/x64/lib/python3.10/site-packages/openpnm/topotools/_graphtools.py:37[0m, in [0;36mfind_connected_sites[0;34m(bonds, **kwargs)[0m
[1;32m     36[0m [38;5;28;01mdef[39;00m[38;5;250m [39m[38;5;21mfind_connected_sites[39m(bonds, [38;5;241m*[39m[38;5;241m*[39mkwargs):
[0;32m---> 37[0m     [38;5;28;01mreturn[39;00m [43mqueries[49m[38;5;241;43m.[39;49m[43mfind_connected_nodes[49m[43m([49m[43minds[49m[38;5;241;43m=[39;49m[43mbonds[49m[43m,[49m[43m [49m[38;5;241;43m*[39;49m[38;5;241;43m*[39;49m[43mkwargs[49m[43m)[49m

File [0;32m/opt/hostedtoolcache/Python/3.10.18/x64/lib/python3.10/site-packages/openpnm/_skgraph/queries/_funcs.py:167[0m, in [0;36mfind_connected_nodes[0;34m(network, inds, flatten, logic)[0m
[1;32m    165[0m         temp [38;5;241m=[39m temp[38;5;241m.[39mastype([38;5;28mfloat[39m)
[1;32m    166[0m         temp[inds] [38;5;241m=[39m np[38;5;241m.[39mnan
[0;32m--> 167[0m     temp [38;5;241m=[39m [43mnp[49m[38;5;241;43m.[39;49m[43mreshape[49m[43m([49m[43ma[49m[38;5;241;43m=[39;49m[43mtemp[49m[43m,[49m[43m [49m[43mnewshape[49m[38;5;241;43m=[39;49m[43m[[49m[38;5;28;43mlen[39;49m[43m([49m[43medges[49m[43m)[49m[43m,[49m[43m [49m[38;5;241;43m2[39;49m[43m][49m[43m,[49m[43m [49m[43morder[49m[38;5;241;43m=[39;49m[38;5;124;43m'[39;49m[38;5;124;43mF[39;49m[38;5;124;43m'[39;49m[43m)[49m
[1;32m    168[0m     neighbors [38;5;241m=[39m temp
[1;32m    169[0m [38;5;28;01melse[39;00m:

[0;31mTypeError[0m: reshape() got some positional-only arguments passed as keyword arguments: 'a'

